// Jest Snapshot v1, https://goo.gl/fbAQLP

exports[`DataTable snapshot test 1`] = `<v-data-table />`;
